
ğŸ” Checking 107.21.157.14 ...
[0;35mğŸ“‚ Disk Usage:[0m
Filesystem      Size  Used Avail Use% Mounted on
/dev/nvme0n1p1  8.0G  1.7G  6.4G  21% /
[0;35mğŸ§  Memory Usage:[0m
               total        used        free      shared  buff/cache   available
Mem:           904Mi       183Mi       341Mi       0.0Ki       379Mi       584Mi
Swap:             0B          0B          0B
[0;35mâš¡ CPU & Uptime:[0m
 04:32:15 up 2 days, 22:02,  0 users,  load average: 0.00, 0.00, 0.00
[0;35mğŸ”¥ Top 3 Processes:[0m
    PID CMD                         %CPU %MEM
 154858 /usr/lib/systemd/systemd --  6.0  1.4
 154854 sshd: ec2-user [priv]        0.3  1.0
      1 /usr/lib/systemd/systemd --  0.0  1.9
[0;32mâœ… 107.21.157.14 is healthy[0m

ğŸ” Checking 3.85.205.198 ...
[0;35mğŸ“‚ Disk Usage:[0m
Filesystem      Size  Used Avail Use% Mounted on
/dev/nvme0n1p1  8.0G  1.7G  6.4G  21% /
[0;35mğŸ§  Memory Usage:[0m
               total        used        free      shared  buff/cache   available
Mem:           904Mi       178Mi       340Mi       0.0Ki       385Mi       590Mi
Swap:             0B          0B          0B
[0;35mâš¡ CPU & Uptime:[0m
 04:32:18 up 2 days, 22:03,  0 users,  load average: 0.00, 0.00, 0.00
[0;35mğŸ”¥ Top 3 Processes:[0m
    PID CMD                         %CPU %MEM
 155463 /usr/lib/systemd/systemd --  6.0  1.4
 155459 sshd: ec2-user [priv]        0.6  1.0
      1 /usr/lib/systemd/systemd --  0.0  1.9
[0;32mâœ… 3.85.205.198 is healthy[0m

ğŸ“Š [1;33mSummary:[0m
âœ… UP: 2
âŒ DOWN: 0
