
ğŸ” Checking 107.21.157.14 ...
[0;35mğŸ“‚ Disk Usage:[0m
Filesystem      Size  Used Avail Use% Mounted on
/dev/nvme0n1p1  8.0G  1.7G  6.4G  21% /
[0;35mğŸ§  Memory Usage:[0m
               total        used        free      shared  buff/cache   available
Mem:           904Mi       192Mi       336Mi       0.0Ki       375Mi       576Mi
Swap:             0B          0B          0B
[0;35mâš¡ CPU & Uptime:[0m
 17:03:34 up 2 days, 10:34,  0 users,  load average: 0.00, 0.00, 0.00
[0;35mğŸ”¥ Top 3 Processes:[0m
    PID CMD                         %CPU %MEM
 134138 sshd: ec2-user [priv]        0.5  1.0
      1 /usr/lib/systemd/systemd --  0.0  1.9
      2 [kthreadd]                   0.0  0.0
[0;32mâœ… 107.21.157.14 is healthy[0m

ğŸ” Checking 3.85.205.198 ...
[0;35mğŸ“‚ Disk Usage:[0m
Filesystem      Size  Used Avail Use% Mounted on
/dev/nvme0n1p1  8.0G  1.7G  6.4G  21% /
[0;35mğŸ§  Memory Usage:[0m
               total        used        free      shared  buff/cache   available
Mem:           904Mi       182Mi       340Mi       0.0Ki       381Mi       586Mi
Swap:             0B          0B          0B
[0;35mâš¡ CPU & Uptime:[0m
 17:03:38 up 2 days, 10:34,  0 users,  load average: 0.01, 0.02, 0.00
[0;35mğŸ”¥ Top 3 Processes:[0m
    PID CMD                         %CPU %MEM
 134848 sshd: ec2-user [priv]        0.6  1.0
      1 /usr/lib/systemd/systemd --  0.0  1.9
      2 [kthreadd]                   0.0  0.0
[0;32mâœ… 3.85.205.198 is healthy[0m

ğŸ“Š [1;33mSummary:[0m
âœ… UP: 2
âŒ DOWN: 0
